// Jest Snapshot v1, https://goo.gl/fbAQLP

exports[`should render AddStandardCategories correctly 1`] = `
<div
  className="list-item list-item--message"
>
  <div>
    <h3
      className="list-item__title"
    >
      You dont have any category registered.
    </h3>
    <button
      className="button"
      onClick={[Function]}
    >
      Start with standard categories
    </button>
  </div>
</div>
`;
