// Jest Snapshot v1, https://goo.gl/fbAQLP

exports[`should render EditCategoryItem correctly 1`] = `
<div
  className="list-item list-item--no-link"
  key="shopping"
>
  <h3
    className="list-item__title"
  >
    Shopping
  </h3>
  <button
    className="button button--link button--hover-close"
    onClick={[Function]}
    title="Remove category"
  >
    <svg
      className="icon"
      height="12"
      viewBox="0 0 12 12"
      width="12"
    >
      <path
        d="M11.53.47a.75.75 0 0 0-1.061 0l-4.47 4.47L1.529.47A.75.75 0 1 0 .468 1.531l4.47 4.47-4.47 4.47a.75.75 0 1 0 1.061 1.061l4.47-4.47 4.47 4.47a.75.75 0 1 0 1.061-1.061l-4.47-4.47 4.47-4.47a.75.75 0 0 0 0-1.061z"
        fillRule="evenodd"
      />
    </svg>
  </button>
</div>
`;
