// Jest Snapshot v1, https://goo.gl/fbAQLP

exports[`should render LoginPage correctly 1`] = `
<div
  className="box-layout"
>
  <div
    className="box-layout__box"
  >
    <h1
      className="box-layout__title"
    >
      Expensify
    </h1>
    <div>
      <p>
        It's time to get your expenses under control.
      </p>
      <div
        className="box-layout__element"
      >
        <button
          className="button"
          onClick={[Function]}
        >
          Login with Google
        </button>
      </div>
      <div
        className="box-layout__element"
      >
        <button
          className="button"
          onClick={[Function]}
        >
          Login with Email
        </button>
      </div>
      <div
        className="box-layout__element"
      >
        <a
          href="#"
          onClick={[Function]}
        >
          Create account
        </a>
      </div>
    </div>
  </div>
</div>
`;
