// Jest Snapshot v1, https://goo.gl/fbAQLP

exports[`should render modal properly 1`] = `
<Modal
  appElement={null}
  ariaHideApp={true}
  bodyOpenClassName="ReactModal__Body--open"
  closeTimeoutMS={200}
  contentLabel="Modal"
  isOpen={false}
  onRequestClose={[Function]}
  parentSelector={[Function]}
  portalClassName="ReactModalPortal"
  shouldCloseOnEsc={true}
  shouldCloseOnOverlayClick={true}
  shouldFocusAfterRender={true}
  shouldReturnFocusAfterClose={true}
>
  <p
    className="modal__body"
  >
    <div>
      Something
    </div>
  </p>
  <div
    className="modal__options"
  >
    <button
      className="button button--secondary"
      onClick={[Function]}
    >
      Confirm
    </button>
    <button
      className="button"
      onClick={[Function]}
    >
      Cancel
    </button>
  </div>
</Modal>
`;
